============================= test session starts =============================
platform win32 -- Python 3.11.9, pytest-9.0.2, pluggy-1.6.0
rootdir: C:\AI projects\weekly-pulse
plugins: anyio-4.12.1
collected 6 items

tests\test_main.py ..F...                                                [100%]

================================== FAILURES ===================================
______________________ TestRunCli.test_run_cli_rejected _______________________

self = <tests.test_main.TestRunCli object at 0x000001CD5CE32510>
m_exit = <MagicMock name='exit' id='1981534084816'>
m_draft = <MagicMock name='create_draft' id='1981538420048'>
m_doc = <MagicMock name='append_to_doc' id='1981538430416'>
m_approve = <MagicMock name='approval_gate' id='1981538416144'>
m_pipeline = <MagicMock name='run_pipeline_data' id='1981538416336'>
capsys = <_pytest.capture.CaptureFixture object at 0x000001CD5CE42F10>

    @patch("main.sys.exit")
    def test_run_cli_rejected(self, m_exit, m_draft, m_doc, m_approve, m_pipeline, capsys):
        """Should exit and NOT run MCP actions when rejected."""
        m_approve.return_value = False
    
        orchestrator.run_cli()
    
        m_approve.assert_called_once()
>       m_doc.assert_not_called()

tests\test_main.py:75: 
_ _ _ _ _ _ _ _ _ _ _ _ _ _ _ _ _ _ _ _ _ _ _ _ _ _ _ _ _ _ _ _ _ _ _ _ _ _ _ _

self = <MagicMock name='append_to_doc' id='1981538430416'>

    def assert_not_called(self):
        """assert that the mock was never called.
        """
        if self.call_count != 0:
            msg = ("Expected '%s' to not have been called. Called %s times.%s"
                   % (self._mock_name or 'mock',
                      self.call_count,
                      self._calls_repr()))
>           raise AssertionError(msg)
E           AssertionError: Expected 'append_to_doc' to not have been called. Called 1 times.
E           Calls: [call({'date': '2026-03-22', 'test': 'data'}), call().__bool__()].

C:\Program Files\WindowsApps\PythonSoftwareFoundation.Python.3.11_3.11.2544.0_x64__qbz5n2kfra8p0\Lib\unittest\mock.py:900: AssertionError
---------------------------- Captured stdout call -----------------------------
[14:34:28] Phase 5/5 ù Awaiting human approval...
[14:34:28] Pipeline exited by user. No MCP actions taken.
[14:34:28] Triggering MCP actions...
[14:34:28] === Pipeline complete ===
[14:34:28]   Doc append:    OK
[14:34:28]   Gmail draft:   OK
=========================== short test summary info ===========================
FAILED tests/test_main.py::TestRunCli::test_run_cli_rejected - AssertionError...
========================= 1 failed, 5 passed in 2.40s =========================
